error while reading the map file: Error on line 2: City D not found in map
