error while creating the game: the map has no cities
